{
  "map_object_with_default_and_nest_object": {
    "ab": {
      "age": 20,
      "email": {
        "address": "updated_bob",
        "domain": "nest.com"
      },
      "name": "Updated Bob"
    },
    "ac": {
      "age": 20,
      "email": {
        "address": "amy",
        "domain": "amy.com"
      },
      "name": "Amy"
    }
  }
}